#
# There is insufficient memory for the Java Runtime Environment to continue.
# Native memory allocation (malloc) failed to allocate 534896 bytes for Chunk::new
# Possible reasons:
#   The system is out of physical RAM or swap space
#   The process is running with CompressedOops enabled, and the Java Heap may be blocking the growth of the native heap
# Possible solutions:
#   Reduce memory load on the system
#   Increase physical memory or swap space
#   Check if swap backing store is full
#   Decrease Java heap size (-Xmx/-Xms)
#   Decrease number of Java threads
#   Decrease Java thread stack sizes (-Xss)
#   Set larger code cache with -XX:ReservedCodeCacheSize=
#   JVM is running with Zero Based Compressed Oops mode in which the Java heap is
#     placed in the first 32GB address space. The Java Heap base address is the
#     maximum limit for the native heap growth. Please use -XX:HeapBaseMinAddress
#     to set the Java Heap base and to place the Java Heap above 32GB virtual address.
# This output file may be truncated or incomplete.
#
#  Out of Memory Error (t:/workspace/open/src/hotspot/share/memory/arena.cpp:197), pid=17852, tid=45872
#
# JRE version: OpenJDK Runtime Environment (11.0.2+9) (build 11.0.2+9)
# Java VM: OpenJDK 64-Bit Server VM (11.0.2+9, mixed mode, tiered, compressed oops, g1 gc, windows-amd64)
# No core dump will be written. Minidumps are not enabled by default on client versions of Windows
#

---------------  S U M M A R Y ------------

Command Line: -Dmaven.home=EMBEDDED -Dclassworlds.conf=C:\Users\Yularatech\eclipse-workspace\.metadata\.plugins\org.eclipse.m2e.launching\launches\m2conf18210097072080445749.tmp -Dmaven.multiModuleProjectDirectory=C:\Users\Yularatech\eclipse-workspace\rest_assured -Dm2e.build.project.data.socket.port=55863 -Dfile.encoding=UTF-8 -Dstdout.encoding=UTF-8 -Dstderr.encoding=UTF-8 org.codehaus.plexus.classworlds.launcher.Launcher -B -Dstyle.color=always test

Host: AMD Ryzen 7 8840U w/ Radeon 780M Graphics      , 16 cores, 15G,  Windows 10 , 64 bit Build 26100 (10.0.26100.8875)
Time: Wed Aug  5 19:03:46 2026 India Standard Time elapsed time: 24 seconds (0d 0h 0m 24s)

---------------  T H R E A D  ---------------

Current thread (0x000001c156989800):  JavaThread "C2 CompilerThread5" daemon [_thread_in_native, id=45872, stack(0x00000096a8100000,0x00000096a8200000)]


Current CompileTask:
C2:  24925 1159   !   4       sun.nio.cs.StreamDecoder::read0 (116 bytes)

Stack: [0x00000096a8100000,0x00000096a8200000]
Native frames: (J=compiled Java code, j=interpreted, Vv=VM code, C=native code)
V  [jvm.dll+0x63489a]
V  [jvm.dll+0x771f9f]
V  [jvm.dll+0x773648]
V  [jvm.dll+0x773d03]
V  [jvm.dll+0x25eba8]
V  [jvm.dll+0xc2191]
V  [jvm.dll+0xc271c]
V  [jvm.dll+0x36cc47]
V  [jvm.dll+0x339b13]
V  [jvm.dll+0x338eea]
V  [jvm.dll+0x2189c5]
V  [jvm.dll+0x217b6a]
V  [jvm.dll+0x194370]
V  [jvm.dll+0x226b3f]
V  [jvm.dll+0x225148]
V  [jvm.dll+0x73774d]
V  [jvm.dll+0x633942]
C  [ucrtbase.dll+0x2cd30]
C  [KERNEL32.DLL+0x2e957]
C  [ntdll.dll+0xaad6c]


---------------  P R O C E S S  ---------------

Threads class SMR info:
_java_thread_list=0x000001c156342030, length=19, elements={
0x000001c130ca5000, 0x000001c154b2d800, 0x000001c154b38000, 0x000001c154b4e800,
0x000001c155446800, 0x000001c155448800, 0x000001c1553f3000, 0x000001c1553fa000,
0x000001c1555d1800, 0x000001c155617000, 0x000001c155877800, 0x000001c1562b2000,
0x000001c1558aa000, 0x000001c156989000, 0x000001c156989800, 0x000001c155e32800,
0x000001c155bf5000, 0x000001c156708000, 0x000001c156edd000
}

Java Threads: ( => current thread )
  0x000001c130ca5000 JavaThread "main" [_thread_in_native, id=38584, stack(0x00000096a6400000,0x00000096a6500000)]
  0x000001c154b2d800 JavaThread "Reference Handler" daemon [_thread_blocked, id=23276, stack(0x00000096a6b00000,0x00000096a6c00000)]
  0x000001c154b38000 JavaThread "Finalizer" daemon [_thread_blocked, id=14684, stack(0x00000096a6c00000,0x00000096a6d00000)]
  0x000001c154b4e800 JavaThread "Signal Dispatcher" daemon [_thread_blocked, id=10436, stack(0x00000096a6d00000,0x00000096a6e00000)]
  0x000001c155446800 JavaThread "Attach Listener" daemon [_thread_blocked, id=63768, stack(0x00000096a6e00000,0x00000096a6f00000)]
  0x000001c155448800 JavaThread "C2 CompilerThread0" daemon [_thread_blocked, id=49432, stack(0x00000096a6f00000,0x00000096a7000000)]
  0x000001c1553f3000 JavaThread "C1 CompilerThread0" daemon [_thread_blocked, id=52620, stack(0x00000096a7000000,0x00000096a7100000)]
  0x000001c1553fa000 JavaThread "Sweeper thread" daemon [_thread_blocked, id=38120, stack(0x00000096a7100000,0x00000096a7200000)]
  0x000001c1555d1800 JavaThread "Service Thread" daemon [_thread_blocked, id=55592, stack(0x00000096a7300000,0x00000096a7400000)]
  0x000001c155617000 JavaThread "Common-Cleaner" daemon [_thread_blocked, id=25800, stack(0x00000096a7500000,0x00000096a7600000)]
  0x000001c155877800 JavaThread "C2 CompilerThread1" daemon [_thread_blocked, id=7992, stack(0x00000096a7200000,0x00000096a7300000)]
  0x000001c1562b2000 JavaThread "C2 CompilerThread2" daemon [_thread_blocked, id=60420, stack(0x00000096a7e00000,0x00000096a7f00000)]
  0x000001c1558aa000 JavaThread "C2 CompilerThread3" daemon [_thread_blocked, id=47116, stack(0x00000096a7f00000,0x00000096a8000000)]
  0x000001c156989000 JavaThread "C2 CompilerThread4" daemon [_thread_blocked, id=32692, stack(0x00000096a8000000,0x00000096a8100000)]
=>0x000001c156989800 JavaThread "C2 CompilerThread5" daemon [_thread_in_native, id=45872, stack(0x00000096a8100000,0x00000096a8200000)]
  0x000001c155e32800 JavaThread "C2 CompilerThread6" daemon [_thread_blocked, id=23020, stack(0x00000096a8200000,0x00000096a8300000)]
  0x000001c155bf5000 JavaThread "C1 CompilerThread1" daemon [_thread_blocked, id=67024, stack(0x00000096a7600000,0x00000096a7700000)]
  0x000001c156708000 JavaThread "C1 CompilerThread2" daemon [_thread_blocked, id=13588, stack(0x00000096a7700000,0x00000096a7800000)]
  0x000001c156edd000 JavaThread "C1 CompilerThread3" daemon [_thread_blocked, id=25884, stack(0x00000096a7800000,0x00000096a7900000)]

Other Threads:
  0x000001c154b29800 VMThread "VM Thread" [stack: 0x00000096a6a00000,0x00000096a6b00000] [id=44388]
  0x000001c1555d3000 WatcherThread [stack: 0x00000096a7400000,0x00000096a7500000] [id=53516]
  0x000001c130cbc800 GCTaskThread "GC Thread#0" [stack: 0x00000096a6500000,0x00000096a6600000] [id=36324]
  0x000001c15653f800 GCTaskThread "GC Thread#1" [stack: 0x00000096a7a00000,0x00000096a7b00000] [id=23080]
  0x000001c15624f800 GCTaskThread "GC Thread#2" [stack: 0x00000096a7b00000,0x00000096a7c00000] [id=59688]
  0x000001c15666e800 GCTaskThread "GC Thread#3" [stack: 0x00000096a7c00000,0x00000096a7d00000] [id=51328]
  0x000001c1562e6800 GCTaskThread "GC Thread#4" [stack: 0x00000096a7d00000,0x00000096a7e00000] [id=40508]
  0x000001c130d16800 ConcurrentGCThread "G1 Main Marker" [stack: 0x00000096a6600000,0x00000096a6700000] [id=11252]
  0x000001c130d19000 ConcurrentGCThread "G1 Conc#0" [stack: 0x00000096a6700000,0x00000096a6800000] [id=37172]
  0x000001c154a11000 ConcurrentGCThread "G1 Refine#0" [stack: 0x00000096a6800000,0x00000096a6900000] [id=36824]
  0x000001c154a16000 ConcurrentGCThread "G1 Young RemSet Sampling" [stack: 0x00000096a6900000,0x00000096a6a00000] [id=40512]

Threads with active compile tasks:
C2 CompilerThread51159   !   4       sun.nio.cs.StreamDecoder::read0 (116 bytes)

VM state:not at safepoint (normal execution)

VM Mutex/Monitor currently owned by a thread: None

Heap address: 0x000000070b000000, size: 3920 MB, Compressed Oops mode: Zero based, Oop shift amount: 3
Narrow klass base: 0x0000000800000000, Narrow klass shift: 0
Compressed class space size: 1073741824 Address: 0x0000000800000000

Heap:
 garbage-first heap   total 251904K, used 24376K [0x000000070b000000, 0x0000000800000000)
  region size 1024K, 24 young (24576K), 3 survivors (3072K)
 Metaspace       used 14104K, capacity 14334K, committed 14464K, reserved 1062912K
  class space    used 1468K, capacity 1587K, committed 1664K, reserved 1048576K
Heap Regions: E=young(eden), S=young(survivor), O=old, HS=humongous(starts), HC=humongous(continues), CS=collection set, F=free, A=archive, TAMS=top-at-mark-start (previous, next)
|   0|0x000000070b000000, 0x000000070b0ce000, 0x000000070b100000| 80%| O|  |TAMS 0x000000070b000000, 0x000000070b000000| Untracked 
|   1|0x000000070b100000, 0x000000070b100000, 0x000000070b200000|  0%| F|  |TAMS 0x000000070b100000, 0x000000070b100000| Untracked 
|   2|0x000000070b200000, 0x000000070b200000, 0x000000070b300000|  0%| F|  |TAMS 0x000000070b200000, 0x000000070b200000| Untracked 
|   3|0x000000070b300000, 0x000000070b300000, 0x000000070b400000|  0%| F|  |TAMS 0x000000070b300000, 0x000000070b300000| Untracked 
|   4|0x000000070b400000, 0x000000070b400000, 0x000000070b500000|  0%| F|  |TAMS 0x000000070b400000, 0x000000070b400000| Untracked 
|   5|0x000000070b500000, 0x000000070b500000, 0x000000070b600000|  0%| F|  |TAMS 0x000000070b500000, 0x000000070b500000| Untracked 
|   6|0x000000070b600000, 0x000000070b600000, 0x000000070b700000|  0%| F|  |TAMS 0x000000070b600000, 0x000000070b600000| Untracked 
|   7|0x000000070b700000, 0x000000070b700000, 0x000000070b800000|  0%| F|  |TAMS 0x000000070b700000, 0x000000070b700000| Untracked 
|   8|0x000000070b800000, 0x000000070b800000, 0x000000070b900000|  0%| F|  |TAMS 0x000000070b800000, 0x000000070b800000| Untracked 
|   9|0x000000070b900000, 0x000000070b900000, 0x000000070ba00000|  0%| F|  |TAMS 0x000000070b900000, 0x000000070b900000| Untracked 
|  10|0x000000070ba00000, 0x000000070ba00000, 0x000000070bb00000|  0%| F|  |TAMS 0x000000070ba00000, 0x000000070ba00000| Untracked 
|  11|0x000000070bb00000, 0x000000070bb00000, 0x000000070bc00000|  0%| F|  |TAMS 0x000000070bb00000, 0x000000070bb00000| Untracked 
|  12|0x000000070bc00000, 0x000000070bc00000, 0x000000070bd00000|  0%| F|  |TAMS 0x000000070bc00000, 0x000000070bc00000| Untracked 
|  13|0x000000070bd00000, 0x000000070bd00000, 0x000000070be00000|  0%| F|  |TAMS 0x000000070bd00000, 0x000000070bd00000| Untracked 
|  14|0x000000070be00000, 0x000000070be00000, 0x000000070bf00000|  0%| F|  |TAMS 0x000000070be00000, 0x000000070be00000| Untracked 
|  15|0x000000070bf00000, 0x000000070bf00000, 0x000000070c000000|  0%| F|  |TAMS 0x000000070bf00000, 0x000000070bf00000| Untracked 
|  16|0x000000070c000000, 0x000000070c000000, 0x000000070c100000|  0%| F|  |TAMS 0x000000070c000000, 0x000000070c000000| Untracked 
|  17|0x000000070c100000, 0x000000070c100000, 0x000000070c200000|  0%| F|  |TAMS 0x000000070c100000, 0x000000070c100000| Untracked 
|  18|0x000000070c200000, 0x000000070c200000, 0x000000070c300000|  0%| F|  |TAMS 0x000000070c200000, 0x000000070c200000| Untracked 
|  19|0x000000070c300000, 0x000000070c300000, 0x000000070c400000|  0%| F|  |TAMS 0x000000070c300000, 0x000000070c300000| Untracked 
|  20|0x000000070c400000, 0x000000070c400000, 0x000000070c500000|  0%| F|  |TAMS 0x000000070c400000, 0x000000070c400000| Untracked 
|  21|0x000000070c500000, 0x000000070c500000, 0x000000070c600000|  0%| F|  |TAMS 0x000000070c500000, 0x000000070c500000| Untracked 
|  22|0x000000070c600000, 0x000000070c600000, 0x000000070c700000|  0%| F|  |TAMS 0x000000070c600000, 0x000000070c600000| Untracked 
|  23|0x000000070c700000, 0x000000070c700000, 0x000000070c800000|  0%| F|  |TAMS 0x000000070c700000, 0x000000070c700000| Untracked 
|  24|0x000000070c800000, 0x000000070c800000, 0x000000070c900000|  0%| F|  |TAMS 0x000000070c800000, 0x000000070c800000| Untracked 
|  25|0x000000070c900000, 0x000000070c900000, 0x000000070ca00000|  0%| F|  |TAMS 0x000000070c900000, 0x000000070c900000| Untracked 
|  26|0x000000070ca00000, 0x000000070ca00000, 0x000000070cb00000|  0%| F|  |TAMS 0x000000070ca00000, 0x000000070ca00000| Untracked 
|  27|0x000000070cb00000, 0x000000070cb00000, 0x000000070cc00000|  0%| F|  |TAMS 0x000000070cb00000, 0x000000070cb00000| Untracked 
|  28|0x000000070cc00000, 0x000000070cc00000, 0x000000070cd00000|  0%| F|  |TAMS 0x000000070cc00000, 0x000000070cc00000| Untracked 
|  29|0x000000070cd00000, 0x000000070cd00000, 0x000000070ce00000|  0%| F|  |TAMS 0x000000070cd00000, 0x000000070cd00000| Untracked 
|  30|0x000000070ce00000, 0x000000070ce00000, 0x000000070cf00000|  0%| F|  |TAMS 0x000000070ce00000, 0x000000070ce00000| Untracked 
|  31|0x000000070cf00000, 0x000000070cf00000, 0x000000070d000000|  0%| F|  |TAMS 0x000000070cf00000, 0x000000070cf00000| Untracked 
|  32|0x000000070d000000, 0x000000070d000000, 0x000000070d100000|  0%| F|  |TAMS 0x000000070d000000, 0x000000070d000000| Untracked 
|  33|0x000000070d100000, 0x000000070d100000, 0x000000070d200000|  0%| F|  |TAMS 0x000000070d100000, 0x000000070d100000| Untracked 
|  34|0x000000070d200000, 0x000000070d200000, 0x000000070d300000|  0%| F|  |TAMS 0x000000070d200000, 0x000000070d200000| Untracked 
|  35|0x000000070d300000, 0x000000070d300000, 0x000000070d400000|  0%| F|  |TAMS 0x000000070d300000, 0x000000070d300000| Untracked 
|  36|0x000000070d400000, 0x000000070d400000, 0x000000070d500000|  0%| F|  |TAMS 0x000000070d400000, 0x000000070d400000| Untracked 
|  37|0x000000070d500000, 0x000000070d500000, 0x000000070d600000|  0%| F|  |TAMS 0x000000070d500000, 0x000000070d500000| Untracked 
|  38|0x000000070d600000, 0x000000070d600000, 0x000000070d700000|  0%| F|  |TAMS 0x000000070d600000, 0x000000070d600000| Untracked 
|  39|0x000000070d700000, 0x000000070d700000, 0x000000070d800000|  0%| F|  |TAMS 0x000000070d700000, 0x000000070d700000| Untracked 
|  40|0x000000070d800000, 0x000000070d800000, 0x000000070d900000|  0%| F|  |TAMS 0x000000070d800000, 0x000000070d800000| Untracked 
|  41|0x000000070d900000, 0x000000070d900000, 0x000000070da00000|  0%| F|  |TAMS 0x000000070d900000, 0x000000070d900000| Untracked 
|  42|0x000000070da00000, 0x000000070da00000, 0x000000070db00000|  0%| F|  |TAMS 0x000000070da00000, 0x000000070da00000| Untracked 
|  43|0x000000070db00000, 0x000000070db00000, 0x000000070dc00000|  0%| F|  |TAMS 0x000000070db00000, 0x000000070db00000| Untracked 
|  44|0x000000070dc00000, 0x000000070dc00000, 0x000000070dd00000|  0%| F|  |TAMS 0x000000070dc00000, 0x000000070dc00000| Untracked 
|  45|0x000000070dd00000, 0x000000070dd00000, 0x000000070de00000|  0%| F|  |TAMS 0x000000070dd00000, 0x000000070dd00000| Untracked 
|  46|0x000000070de00000, 0x000000070de00000, 0x000000070df00000|  0%| F|  |TAMS 0x000000070de00000, 0x000000070de00000| Untracked 
|  47|0x000000070df00000, 0x000000070df00000, 0x000000070e000000|  0%| F|  |TAMS 0x000000070df00000, 0x000000070df00000| Untracked 
|  48|0x000000070e000000, 0x000000070e000000, 0x000000070e100000|  0%| F|  |TAMS 0x000000070e000000, 0x000000070e000000| Untracked 
|  49|0x000000070e100000, 0x000000070e100000, 0x000000070e200000|  0%| F|  |TAMS 0x000000070e100000, 0x000000070e100000| Untracked 
|  50|0x000000070e200000, 0x000000070e200000, 0x000000070e300000|  0%| F|  |TAMS 0x000000070e200000, 0x000000070e200000| Untracked 
|  51|0x000000070e300000, 0x000000070e300000, 0x000000070e400000|  0%| F|  |TAMS 0x000000070e300000, 0x000000070e300000| Untracked 
|  52|0x000000070e400000, 0x000000070e400000, 0x000000070e500000|  0%| F|  |TAMS 0x000000070e400000, 0x000000070e400000| Untracked 
|  53|0x000000070e500000, 0x000000070e500000, 0x000000070e600000|  0%| F|  |TAMS 0x000000070e500000, 0x000000070e500000| Untracked 
|  54|0x000000070e600000, 0x000000070e600000, 0x000000070e700000|  0%| F|  |TAMS 0x000000070e600000, 0x000000070e600000| Untracked 
|  55|0x000000070e700000, 0x000000070e700000, 0x000000070e800000|  0%| F|  |TAMS 0x000000070e700000, 0x000000070e700000| Untracked 
|  56|0x000000070e800000, 0x000000070e800000, 0x000000070e900000|  0%| F|  |TAMS 0x000000070e800000, 0x000000070e800000| Untracked 
|  57|0x000000070e900000, 0x000000070e900000, 0x000000070ea00000|  0%| F|  |TAMS 0x000000070e900000, 0x000000070e900000| Untracked 
|  58|0x000000070ea00000, 0x000000070ea00000, 0x000000070eb00000|  0%| F|  |TAMS 0x000000070ea00000, 0x000000070ea00000| Untracked 
|  59|0x000000070eb00000, 0x000000070eb00000, 0x000000070ec00000|  0%| F|  |TAMS 0x000000070eb00000, 0x000000070eb00000| Untracked 
|  60|0x000000070ec00000, 0x000000070ec00000, 0x000000070ed00000|  0%| F|  |TAMS 0x000000070ec00000, 0x000000070ec00000| Untracked 
|  61|0x000000070ed00000, 0x000000070ed00000, 0x000000070ee00000|  0%| F|  |TAMS 0x000000070ed00000, 0x000000070ed00000| Untracked 
|  62|0x000000070ee00000, 0x000000070ee00000, 0x000000070ef00000|  0%| F|  |TAMS 0x000000070ee00000, 0x000000070ee00000| Untracked 
|  63|0x000000070ef00000, 0x000000070ef00000, 0x000000070f000000|  0%| F|  |TAMS 0x000000070ef00000, 0x000000070ef00000| Untracked 
|  64|0x000000070f000000, 0x000000070f000000, 0x000000070f100000|  0%| F|  |TAMS 0x000000070f000000, 0x000000070f000000| Untracked 
|  65|0x000000070f100000, 0x000000070f100000, 0x000000070f200000|  0%| F|  |TAMS 0x000000070f100000, 0x000000070f100000| Untracked 
|  66|0x000000070f200000, 0x000000070f200000, 0x000000070f300000|  0%| F|  |TAMS 0x000000070f200000, 0x000000070f200000| Untracked 
|  67|0x000000070f300000, 0x000000070f300000, 0x000000070f400000|  0%| F|  |TAMS 0x000000070f300000, 0x000000070f300000| Untracked 
|  68|0x000000070f400000, 0x000000070f400000, 0x000000070f500000|  0%| F|  |TAMS 0x000000070f400000, 0x000000070f400000| Untracked 
|  69|0x000000070f500000, 0x000000070f500000, 0x000000070f600000|  0%| F|  |TAMS 0x000000070f500000, 0x000000070f500000| Untracked 
|  70|0x000000070f600000, 0x000000070f600000, 0x000000070f700000|  0%| F|  |TAMS 0x000000070f600000, 0x000000070f600000| Untracked 
|  71|0x000000070f700000, 0x000000070f700000, 0x000000070f800000|  0%| F|  |TAMS 0x000000070f700000, 0x000000070f700000| Untracked 
|  72|0x000000070f800000, 0x000000070f800000, 0x000000070f900000|  0%| F|  |TAMS 0x000000070f800000, 0x000000070f800000| Untracked 
|  73|0x000000070f900000, 0x000000070f900000, 0x000000070fa00000|  0%| F|  |TAMS 0x000000070f900000, 0x000000070f900000| Untracked 
|  74|0x000000070fa00000, 0x000000070fa00000, 0x000000070fb00000|  0%| F|  |TAMS 0x000000070fa00000, 0x000000070fa00000| Untracked 
|  75|0x000000070fb00000, 0x000000070fb00000, 0x000000070fc00000|  0%| F|  |TAMS 0x000000070fb00000, 0x000000070fb00000| Untracked 
|  76|0x000000070fc00000, 0x000000070fc00000, 0x000000070fd00000|  0%| F|  |TAMS 0x000000070fc00000, 0x000000070fc00000| Untracked 
|  77|0x000000070fd00000, 0x000000070fd00000, 0x000000070fe00000|  0%| F|  |TAMS 0x000000070fd00000, 0x000000070fd00000| Untracked 
|  78|0x000000070fe00000, 0x000000070fe00000, 0x000000070ff00000|  0%| F|  |TAMS 0x000000070fe00000, 0x000000070fe00000| Untracked 
|  79|0x000000070ff00000, 0x000000070ff00000, 0x0000000710000000|  0%| F|  |TAMS 0x000000070ff00000, 0x000000070ff00000| Untracked 
|  80|0x0000000710000000, 0x0000000710000000, 0x0000000710100000|  0%| F|  |TAMS 0x0000000710000000, 0x0000000710000000| Untracked 
|  81|0x0000000710100000, 0x0000000710100000, 0x0000000710200000|  0%| F|  |TAMS 0x0000000710100000, 0x0000000710100000| Untracked 
|  82|0x0000000710200000, 0x0000000710200000, 0x0000000710300000|  0%| F|  |TAMS 0x0000000710200000, 0x0000000710200000| Untracked 
|  83|0x0000000710300000, 0x0000000710300000, 0x0000000710400000|  0%| F|  |TAMS 0x0000000710300000, 0x0000000710300000| Untracked 
|  84|0x0000000710400000, 0x0000000710400000, 0x0000000710500000|  0%| F|  |TAMS 0x0000000710400000, 0x0000000710400000| Untracked 
|  85|0x0000000710500000, 0x0000000710500000, 0x0000000710600000|  0%| F|  |TAMS 0x0000000710500000, 0x0000000710500000| Untracked 
|  86|0x0000000710600000, 0x0000000710600000, 0x0000000710700000|  0%| F|  |TAMS 0x0000000710600000, 0x0000000710600000| Untracked 
|  87|0x0000000710700000, 0x0000000710700000, 0x0000000710800000|  0%| F|  |TAMS 0x0000000710700000, 0x0000000710700000| Untracked 
|  88|0x0000000710800000, 0x0000000710800000, 0x0000000710900000|  0%| F|  |TAMS 0x0000000710800000, 0x0000000710800000| Untracked 
|  89|0x0000000710900000, 0x0000000710900000, 0x0000000710a00000|  0%| F|  |TAMS 0x0000000710900000, 0x0000000710900000| Untracked 
|  90|0x0000000710a00000, 0x0000000710a00000, 0x0000000710b00000|  0%| F|  |TAMS 0x0000000710a00000, 0x0000000710a00000| Untracked 
|  91|0x0000000710b00000, 0x0000000710b00000, 0x0000000710c00000|  0%| F|  |TAMS 0x0000000710b00000, 0x0000000710b00000| Untracked 
|  92|0x0000000710c00000, 0x0000000710c00000, 0x0000000710d00000|  0%| F|  |TAMS 0x0000000710c00000, 0x0000000710c00000| Untracked 
|  93|0x0000000710d00000, 0x0000000710d00000, 0x0000000710e00000|  0%| F|  |TAMS 0x0000000710d00000, 0x0000000710d00000| Untracked 
|  94|0x0000000710e00000, 0x0000000710e00000, 0x0000000710f00000|  0%| F|  |TAMS 0x0000000710e00000, 0x0000000710e00000| Untracked 
|  95|0x0000000710f00000, 0x0000000710f00000, 0x0000000711000000|  0%| F|  |TAMS 0x0000000710f00000, 0x0000000710f00000| Untracked 
|  96|0x0000000711000000, 0x0000000711000000, 0x0000000711100000|  0%| F|  |TAMS 0x0000000711000000, 0x0000000711000000| Untracked 
|  97|0x0000000711100000, 0x0000000711100000, 0x0000000711200000|  0%| F|  |TAMS 0x0000000711100000, 0x0000000711100000| Untracked 
|  98|0x0000000711200000, 0x0000000711200000, 0x0000000711300000|  0%| F|  |TAMS 0x0000000711200000, 0x0000000711200000| Untracked 
|  99|0x0000000711300000, 0x0000000711300000, 0x0000000711400000|  0%| F|  |TAMS 0x0000000711300000, 0x0000000711300000| Untracked 
| 100|0x0000000711400000, 0x0000000711400000, 0x0000000711500000|  0%| F|  |TAMS 0x0000000711400000, 0x0000000711400000| Untracked 
| 101|0x0000000711500000, 0x0000000711500000, 0x0000000711600000|  0%| F|  |TAMS 0x0000000711500000, 0x0000000711500000| Untracked 
| 102|0x0000000711600000, 0x0000000711600000, 0x0000000711700000|  0%| F|  |TAMS 0x0000000711600000, 0x0000000711600000| Untracked 
| 103|0x0000000711700000, 0x0000000711700000, 0x0000000711800000|  0%| F|  |TAMS 0x0000000711700000, 0x0000000711700000| Untracked 
| 104|0x0000000711800000, 0x0000000711800000, 0x0000000711900000|  0%| F|  |TAMS 0x0000000711800000, 0x0000000711800000| Untracked 
| 105|0x0000000711900000, 0x0000000711900000, 0x0000000711a00000|  0%| F|  |TAMS 0x0000000711900000, 0x0000000711900000| Untracked 
| 106|0x0000000711a00000, 0x0000000711a00000, 0x0000000711b00000|  0%| F|  |TAMS 0x0000000711a00000, 0x0000000711a00000| Untracked 
| 107|0x0000000711b00000, 0x0000000711b00000, 0x0000000711c00000|  0%| F|  |TAMS 0x0000000711b00000, 0x0000000711b00000| Untracked 
| 108|0x0000000711c00000, 0x0000000711c00000, 0x0000000711d00000|  0%| F|  |TAMS 0x0000000711c00000, 0x0000000711c00000| Untracked 
| 109|0x0000000711d00000, 0x0000000711d00000, 0x0000000711e00000|  0%| F|  |TAMS 0x0000000711d00000, 0x0000000711d00000| Untracked 
| 110|0x0000000711e00000, 0x0000000711e00000, 0x0000000711f00000|  0%| F|  |TAMS 0x0000000711e00000, 0x0000000711e00000| Untracked 
| 111|0x0000000711f00000, 0x0000000711f00000, 0x0000000712000000|  0%| F|  |TAMS 0x0000000711f00000, 0x0000000711f00000| Untracked 
| 112|0x0000000712000000, 0x0000000712000000, 0x0000000712100000|  0%| F|  |TAMS 0x0000000712000000, 0x0000000712000000| Untracked 
| 113|0x0000000712100000, 0x0000000712100000, 0x0000000712200000|  0%| F|  |TAMS 0x0000000712100000, 0x0000000712100000| Untracked 
| 114|0x0000000712200000, 0x0000000712200000, 0x0000000712300000|  0%| F|  |TAMS 0x0000000712200000, 0x0000000712200000| Untracked 
| 115|0x0000000712300000, 0x0000000712300000, 0x0000000712400000|  0%| F|  |TAMS 0x0000000712300000, 0x0000000712300000| Untracked 
| 116|0x0000000712400000, 0x0000000712400000, 0x0000000712500000|  0%| F|  |TAMS 0x0000000712400000, 0x0000000712400000| Untracked 
| 117|0x0000000712500000, 0x0000000712500000, 0x0000000712600000|  0%| F|  |TAMS 0x0000000712500000, 0x0000000712500000| Untracked 
| 118|0x0000000712600000, 0x0000000712600000, 0x0000000712700000|  0%| F|  |TAMS 0x0000000712600000, 0x0000000712600000| Untracked 
| 119|0x0000000712700000, 0x0000000712700000, 0x0000000712800000|  0%| F|  |TAMS 0x0000000712700000, 0x0000000712700000| Untracked 
| 120|0x0000000712800000, 0x0000000712800000, 0x0000000712900000|  0%| F|  |TAMS 0x0000000712800000, 0x0000000712800000| Untracked 
| 121|0x0000000712900000, 0x0000000712900000, 0x0000000712a00000|  0%| F|  |TAMS 0x0000000712900000, 0x0000000712900000| Untracked 
| 122|0x0000000712a00000, 0x0000000712a00000, 0x0000000712b00000|  0%| F|  |TAMS 0x0000000712a00000, 0x0000000712a00000| Untracked 
| 123|0x0000000712b00000, 0x0000000712b00000, 0x0000000712c00000|  0%| F|  |TAMS 0x0000000712b00000, 0x0000000712b00000| Untracked 
| 124|0x0000000712c00000, 0x0000000712c00000, 0x0000000712d00000|  0%| F|  |TAMS 0x0000000712c00000, 0x0000000712c00000| Untracked 
| 125|0x0000000712d00000, 0x0000000712d00000, 0x0000000712e00000|  0%| F|  |TAMS 0x0000000712d00000, 0x0000000712d00000| Untracked 
| 126|0x0000000712e00000, 0x0000000712e00000, 0x0000000712f00000|  0%| F|  |TAMS 0x0000000712e00000, 0x0000000712e00000| Untracked 
| 127|0x0000000712f00000, 0x0000000712f00000, 0x0000000713000000|  0%| F|  |TAMS 0x0000000712f00000, 0x0000000712f00000| Untracked 
| 128|0x0000000713000000, 0x0000000713000000, 0x0000000713100000|  0%| F|  |TAMS 0x0000000713000000, 0x0000000713000000| Untracked 
| 129|0x0000000713100000, 0x0000000713100000, 0x0000000713200000|  0%| F|  |TAMS 0x0000000713100000, 0x0000000713100000| Untracked 
| 130|0x0000000713200000, 0x0000000713200000, 0x0000000713300000|  0%| F|  |TAMS 0x0000000713200000, 0x0000000713200000| Untracked 
| 131|0x0000000713300000, 0x0000000713300000, 0x0000000713400000|  0%| F|  |TAMS 0x0000000713300000, 0x0000000713300000| Untracked 
| 132|0x0000000713400000, 0x0000000713400000, 0x0000000713500000|  0%| F|  |TAMS 0x0000000713400000, 0x0000000713400000| Untracked 
| 133|0x0000000713500000, 0x0000000713500000, 0x0000000713600000|  0%| F|  |TAMS 0x0000000713500000, 0x0000000713500000| Untracked 
| 134|0x0000000713600000, 0x0000000713600000, 0x0000000713700000|  0%| F|  |TAMS 0x0000000713600000, 0x0000000713600000| Untracked 
| 135|0x0000000713700000, 0x0000000713700000, 0x0000000713800000|  0%| F|  |TAMS 0x0000000713700000, 0x0000000713700000| Untracked 
| 136|0x0000000713800000, 0x0000000713800000, 0x0000000713900000|  0%| F|  |TAMS 0x0000000713800000, 0x0000000713800000| Untracked 
| 137|0x0000000713900000, 0x0000000713900000, 0x0000000713a00000|  0%| F|  |TAMS 0x0000000713900000, 0x0000000713900000| Untracked 
| 138|0x0000000713a00000, 0x0000000713a00000, 0x0000000713b00000|  0%| F|  |TAMS 0x0000000713a00000, 0x0000000713a00000| Untracked 
| 139|0x0000000713b00000, 0x0000000713b00000, 0x0000000713c00000|  0%| F|  |TAMS 0x0000000713b00000, 0x0000000713b00000| Untracked 
| 140|0x0000000713c00000, 0x0000000713c00000, 0x0000000713d00000|  0%| F|  |TAMS 0x0000000713c00000, 0x0000000713c00000| Untracked 
| 141|0x0000000713d00000, 0x0000000713d00000, 0x0000000713e00000|  0%| F|  |TAMS 0x0000000713d00000, 0x0000000713d00000| Untracked 
| 142|0x0000000713e00000, 0x0000000713e00000, 0x0000000713f00000|  0%| F|  |TAMS 0x0000000713e00000, 0x0000000713e00000| Untracked 
| 143|0x0000000713f00000, 0x0000000713f00000, 0x0000000714000000|  0%| F|  |TAMS 0x0000000713f00000, 0x0000000713f00000| Untracked 
| 144|0x0000000714000000, 0x0000000714000000, 0x0000000714100000|  0%| F|  |TAMS 0x0000000714000000, 0x0000000714000000| Untracked 
| 145|0x0000000714100000, 0x0000000714100000, 0x0000000714200000|  0%| F|  |TAMS 0x0000000714100000, 0x0000000714100000| Untracked 
| 146|0x0000000714200000, 0x0000000714200000, 0x0000000714300000|  0%| F|  |TAMS 0x0000000714200000, 0x0000000714200000| Untracked 
| 147|0x0000000714300000, 0x0000000714300000, 0x0000000714400000|  0%| F|  |TAMS 0x0000000714300000, 0x0000000714300000| Untracked 
| 148|0x0000000714400000, 0x0000000714400000, 0x0000000714500000|  0%| F|  |TAMS 0x0000000714400000, 0x0000000714400000| Untracked 
| 149|0x0000000714500000, 0x0000000714500000, 0x0000000714600000|  0%| F|  |TAMS 0x0000000714500000, 0x0000000714500000| Untracked 
| 150|0x0000000714600000, 0x0000000714600000, 0x0000000714700000|  0%| F|  |TAMS 0x0000000714600000, 0x0000000714600000| Untracked 
| 151|0x0000000714700000, 0x0000000714700000, 0x0000000714800000|  0%| F|  |TAMS 0x0000000714700000, 0x0000000714700000| Untracked 
| 152|0x0000000714800000, 0x0000000714800000, 0x0000000714900000|  0%| F|  |TAMS 0x0000000714800000, 0x0000000714800000| Untracked 
| 153|0x0000000714900000, 0x0000000714900000, 0x0000000714a00000|  0%| F|  |TAMS 0x0000000714900000, 0x0000000714900000| Untracked 
| 154|0x0000000714a00000, 0x0000000714a00000, 0x0000000714b00000|  0%| F|  |TAMS 0x0000000714a00000, 0x0000000714a00000| Untracked 
| 155|0x0000000714b00000, 0x0000000714b00000, 0x0000000714c00000|  0%| F|  |TAMS 0x0000000714b00000, 0x0000000714b00000| Untracked 
| 156|0x0000000714c00000, 0x0000000714c00000, 0x0000000714d00000|  0%| F|  |TAMS 0x0000000714c00000, 0x0000000714c00000| Untracked 
| 157|0x0000000714d00000, 0x0000000714d00000, 0x0000000714e00000|  0%| F|  |TAMS 0x0000000714d00000, 0x0000000714d00000| Untracked 
| 158|0x0000000714e00000, 0x0000000714e00000, 0x0000000714f00000|  0%| F|  |TAMS 0x0000000714e00000, 0x0000000714e00000| Untracked 
| 159|0x0000000714f00000, 0x0000000714f00000, 0x0000000715000000|  0%| F|  |TAMS 0x0000000714f00000, 0x0000000714f00000| Untracked 
| 160|0x0000000715000000, 0x0000000715000000, 0x0000000715100000|  0%| F|  |TAMS 0x0000000715000000, 0x0000000715000000| Untracked 
| 161|0x0000000715100000, 0x0000000715100000, 0x0000000715200000|  0%| F|  |TAMS 0x0000000715100000, 0x0000000715100000| Untracked 
| 162|0x0000000715200000, 0x0000000715200000, 0x0000000715300000|  0%| F|  |TAMS 0x0000000715200000, 0x0000000715200000| Untracked 
| 163|0x0000000715300000, 0x0000000715300000, 0x0000000715400000|  0%| F|  |TAMS 0x0000000715300000, 0x0000000715300000| Untracked 
| 164|0x0000000715400000, 0x0000000715400000, 0x0000000715500000|  0%| F|  |TAMS 0x0000000715400000, 0x0000000715400000| Untracked 
| 165|0x0000000715500000, 0x0000000715500000, 0x0000000715600000|  0%| F|  |TAMS 0x0000000715500000, 0x0000000715500000| Untracked 
| 166|0x0000000715600000, 0x0000000715600000, 0x0000000715700000|  0%| F|  |TAMS 0x0000000715600000, 0x0000000715600000| Untracked 
| 167|0x0000000715700000, 0x0000000715700000, 0x0000000715800000|  0%| F|  |TAMS 0x0000000715700000, 0x0000000715700000| Untracked 
| 168|0x0000000715800000, 0x0000000715800000, 0x0000000715900000|  0%| F|  |TAMS 0x0000000715800000, 0x0000000715800000| Untracked 
| 169|0x0000000715900000, 0x0000000715900000, 0x0000000715a00000|  0%| F|  |TAMS 0x0000000715900000, 0x0000000715900000| Untracked 
| 170|0x0000000715a00000, 0x0000000715a00000, 0x0000000715b00000|  0%| F|  |TAMS 0x0000000715a00000, 0x0000000715a00000| Untracked 
| 171|0x0000000715b00000, 0x0000000715b00000, 0x0000000715c00000|  0%| F|  |TAMS 0x0000000715b00000, 0x0000000715b00000| Untracked 
| 172|0x0000000715c00000, 0x0000000715c00000, 0x0000000715d00000|  0%| F|  |TAMS 0x0000000715c00000, 0x0000000715c00000| Untracked 
| 173|0x0000000715d00000, 0x0000000715d00000, 0x0000000715e00000|  0%| F|  |TAMS 0x0000000715d00000, 0x0000000715d00000| Untracked 
| 174|0x0000000715e00000, 0x0000000715e00000, 0x0000000715f00000|  0%| F|  |TAMS 0x0000000715e00000, 0x0000000715e00000| Untracked 
| 175|0x0000000715f00000, 0x0000000715f00000, 0x0000000716000000|  0%| F|  |TAMS 0x0000000715f00000, 0x0000000715f00000| Untracked 
| 176|0x0000000716000000, 0x0000000716000000, 0x0000000716100000|  0%| F|  |TAMS 0x0000000716000000, 0x0000000716000000| Untracked 
| 177|0x0000000716100000, 0x0000000716100000, 0x0000000716200000|  0%| F|  |TAMS 0x0000000716100000, 0x0000000716100000| Untracked 
| 178|0x0000000716200000, 0x0000000716200000, 0x0000000716300000|  0%| F|  |TAMS 0x0000000716200000, 0x0000000716200000| Untracked 
| 179|0x0000000716300000, 0x0000000716300000, 0x0000000716400000|  0%| F|  |TAMS 0x0000000716300000, 0x0000000716300000| Untracked 
| 180|0x0000000716400000, 0x0000000716400000, 0x0000000716500000|  0%| F|  |TAMS 0x0000000716400000, 0x0000000716400000| Untracked 
| 181|0x0000000716500000, 0x0000000716500000, 0x0000000716600000|  0%| F|  |TAMS 0x0000000716500000, 0x0000000716500000| Untracked 
| 182|0x0000000716600000, 0x0000000716600000, 0x0000000716700000|  0%| F|  |TAMS 0x0000000716600000, 0x0000000716600000| Untracked 
| 183|0x0000000716700000, 0x0000000716700000, 0x0000000716800000|  0%| F|  |TAMS 0x0000000716700000, 0x0000000716700000| Untracked 
| 184|0x0000000716800000, 0x0000000716800000, 0x0000000716900000|  0%| F|  |TAMS 0x0000000716800000, 0x0000000716800000| Untracked 
| 185|0x0000000716900000, 0x0000000716900000, 0x0000000716a00000|  0%| F|  |TAMS 0x0000000716900000, 0x0000000716900000| Untracked 
| 186|0x0000000716a00000, 0x0000000716a00000, 0x0000000716b00000|  0%| F|  |TAMS 0x0000000716a00000, 0x0000000716a00000| Untracked 
| 187|0x0000000716b00000, 0x0000000716b00000, 0x0000000716c00000|  0%| F|  |TAMS 0x0000000716b00000, 0x0000000716b00000| Untracked 
| 188|0x0000000716c00000, 0x0000000716c00000, 0x0000000716d00000|  0%| F|  |TAMS 0x0000000716c00000, 0x0000000716c00000| Untracked 
| 189|0x0000000716d00000, 0x0000000716d00000, 0x0000000716e00000|  0%| F|  |TAMS 0x0000000716d00000, 0x0000000716d00000| Untracked 
| 190|0x0000000716e00000, 0x0000000716e00000, 0x0000000716f00000|  0%| F|  |TAMS 0x0000000716e00000, 0x0000000716e00000| Untracked 
| 191|0x0000000716f00000, 0x0000000716f00000, 0x0000000717000000|  0%| F|  |TAMS 0x0000000716f00000, 0x0000000716f00000| Untracked 
| 192|0x0000000717000000, 0x0000000717000000, 0x0000000717100000|  0%| F|  |TAMS 0x0000000717000000, 0x0000000717000000| Untracked 
| 193|0x0000000717100000, 0x0000000717100000, 0x0000000717200000|  0%| F|  |TAMS 0x0000000717100000, 0x0000000717100000| Untracked 
| 194|0x0000000717200000, 0x0000000717200000, 0x0000000717300000|  0%| F|  |TAMS 0x0000000717200000, 0x0000000717200000| Untracked 
| 195|0x0000000717300000, 0x0000000717300000, 0x0000000717400000|  0%| F|  |TAMS 0x0000000717300000, 0x0000000717300000| Untracked 
| 196|0x0000000717400000, 0x0000000717400000, 0x0000000717500000|  0%| F|  |TAMS 0x0000000717400000, 0x0000000717400000| Untracked 
| 197|0x0000000717500000, 0x0000000717500000, 0x0000000717600000|  0%| F|  |TAMS 0x0000000717500000, 0x0000000717500000| Untracked 
| 198|0x0000000717600000, 0x0000000717600000, 0x0000000717700000|  0%| F|  |TAMS 0x0000000717600000, 0x0000000717600000| Untracked 
| 199|0x0000000717700000, 0x0000000717700000, 0x0000000717800000|  0%| F|  |TAMS 0x0000000717700000, 0x0000000717700000| Untracked 
| 200|0x0000000717800000, 0x0000000717800000, 0x0000000717900000|  0%| F|  |TAMS 0x0000000717800000, 0x0000000717800000| Untracked 
| 201|0x0000000717900000, 0x0000000717900000, 0x0000000717a00000|  0%| F|  |TAMS 0x0000000717900000, 0x0000000717900000| Untracked 
| 202|0x0000000717a00000, 0x0000000717a00000, 0x0000000717b00000|  0%| F|  |TAMS 0x0000000717a00000, 0x0000000717a00000| Untracked 
| 203|0x0000000717b00000, 0x0000000717b00000, 0x0000000717c00000|  0%| F|  |TAMS 0x0000000717b00000, 0x0000000717b00000| Untracked 
| 204|0x0000000717c00000, 0x0000000717c00000, 0x0000000717d00000|  0%| F|  |TAMS 0x0000000717c00000, 0x0000000717c00000| Untracked 
| 205|0x0000000717d00000, 0x0000000717d00000, 0x0000000717e00000|  0%| F|  |TAMS 0x0000000717d00000, 0x0000000717d00000| Untracked 
| 206|0x0000000717e00000, 0x0000000717e00000, 0x0000000717f00000|  0%| F|  |TAMS 0x0000000717e00000, 0x0000000717e00000| Untracked 
| 207|0x0000000717f00000, 0x0000000717f00000, 0x0000000718000000|  0%| F|  |TAMS 0x0000000717f00000, 0x0000000717f00000| Untracked 
| 208|0x0000000718000000, 0x0000000718000000, 0x0000000718100000|  0%| F|  |TAMS 0x0000000718000000, 0x0000000718000000| Untracked 
| 209|0x0000000718100000, 0x0000000718100000, 0x0000000718200000|  0%| F|  |TAMS 0x0000000718100000, 0x0000000718100000| Untracked 
| 210|0x0000000718200000, 0x0000000718200000, 0x0000000718300000|  0%| F|  |TAMS 0x0000000718200000, 0x0000000718200000| Untracked 
| 211|0x0000000718300000, 0x0000000718300000, 0x0000000718400000|  0%| F|  |TAMS 0x0000000718300000, 0x0000000718300000| Untracked 
| 212|0x0000000718400000, 0x0000000718400000, 0x0000000718500000|  0%| F|  |TAMS 0x0000000718400000, 0x0000000718400000| Untracked 
| 213|0x0000000718500000, 0x0000000718500000, 0x0000000718600000|  0%| F|  |TAMS 0x0000000718500000, 0x0000000718500000| Untracked 
| 214|0x0000000718600000, 0x0000000718600000, 0x0000000718700000|  0%| F|  |TAMS 0x0000000718600000, 0x0000000718600000| Untracked 
| 215|0x0000000718700000, 0x0000000718700000, 0x0000000718800000|  0%| F|  |TAMS 0x0000000718700000, 0x0000000718700000| Untracked 
| 216|0x0000000718800000, 0x0000000718800000, 0x0000000718900000|  0%| F|  |TAMS 0x0000000718800000, 0x0000000718800000| Untracked 
| 217|0x0000000718900000, 0x0000000718900000, 0x0000000718a00000|  0%| F|  |TAMS 0x0000000718900000, 0x0000000718900000| Untracked 
| 218|0x0000000718a00000, 0x0000000718a00000, 0x0000000718b00000|  0%| F|  |TAMS 0x0000000718a00000, 0x0000000718a00000| Untracked 
| 219|0x0000000718b00000, 0x0000000718c00000, 0x0000000718c00000|100%| S|CS|TAMS 0x0000000718b00000, 0x0000000718b00000| Complete 
| 220|0x0000000718c00000, 0x0000000718d00000, 0x0000000718d00000|100%| S|CS|TAMS 0x0000000718c00000, 0x0000000718c00000| Complete 
| 221|0x0000000718d00000, 0x0000000718e00000, 0x0000000718e00000|100%| S|CS|TAMS 0x0000000718d00000, 0x0000000718d00000| Complete 
| 222|0x0000000718e00000, 0x0000000718e00000, 0x0000000718f00000|  0%| F|  |TAMS 0x0000000718e00000, 0x0000000718e00000| Untracked 
| 223|0x0000000718f00000, 0x0000000718f00000, 0x0000000719000000|  0%| F|  |TAMS 0x0000000718f00000, 0x0000000718f00000| Untracked 
| 224|0x0000000719000000, 0x0000000719000000, 0x0000000719100000|  0%| F|  |TAMS 0x0000000719000000, 0x0000000719000000| Untracked 
| 225|0x0000000719100000, 0x0000000719200000, 0x0000000719200000|100%| E|  |TAMS 0x0000000719100000, 0x0000000719100000| Complete 
| 226|0x0000000719200000, 0x0000000719300000, 0x0000000719300000|100%| E|CS|TAMS 0x0000000719200000, 0x0000000719200000| Complete 
| 227|0x0000000719300000, 0x0000000719400000, 0x0000000719400000|100%| E|CS|TAMS 0x0000000719300000, 0x0000000719300000| Complete 
| 228|0x0000000719400000, 0x0000000719500000, 0x0000000719500000|100%| E|CS|TAMS 0x0000000719400000, 0x0000000719400000| Complete 
| 229|0x0000000719500000, 0x0000000719600000, 0x0000000719600000|100%| E|CS|TAMS 0x0000000719500000, 0x0000000719500000| Complete 
| 230|0x0000000719600000, 0x0000000719700000, 0x0000000719700000|100%| E|CS|TAMS 0x0000000719600000, 0x0000000719600000| Complete 
| 231|0x0000000719700000, 0x0000000719800000, 0x0000000719800000|100%| E|CS|TAMS 0x0000000719700000, 0x0000000719700000| Complete 
| 232|0x0000000719800000, 0x0000000719900000, 0x0000000719900000|100%| E|CS|TAMS 0x0000000719800000, 0x0000000719800000| Complete 
| 233|0x0000000719900000, 0x0000000719a00000, 0x0000000719a00000|100%| E|CS|TAMS 0x0000000719900000, 0x0000000719900000| Complete 
| 234|0x0000000719a00000, 0x0000000719b00000, 0x0000000719b00000|100%| E|CS|TAMS 0x0000000719a00000, 0x0000000719a00000| Complete 
| 235|0x0000000719b00000, 0x0000000719c00000, 0x0000000719c00000|100%| E|CS|TAMS 0x0000000719b00000, 0x0000000719b00000| Complete 
| 236|0x0000000719c00000, 0x0000000719d00000, 0x0000000719d00000|100%| E|CS|TAMS 0x0000000719c00000, 0x0000000719c00000| Complete 
| 237|0x0000000719d00000, 0x0000000719e00000, 0x0000000719e00000|100%| E|CS|TAMS 0x0000000719d00000, 0x0000000719d00000| Complete 
| 238|0x0000000719e00000, 0x0000000719f00000, 0x0000000719f00000|100%| E|CS|TAMS 0x0000000719e00000, 0x0000000719e00000| Complete 
| 239|0x0000000719f00000, 0x000000071a000000, 0x000000071a000000|100%| E|CS|TAMS 0x0000000719f00000, 0x0000000719f00000| Complete 
| 240|0x000000071a000000, 0x000000071a100000, 0x000000071a100000|100%| E|CS|TAMS 0x000000071a000000, 0x000000071a000000| Complete 
| 241|0x000000071a100000, 0x000000071a200000, 0x000000071a200000|100%| E|CS|TAMS 0x000000071a100000, 0x000000071a100000| Complete 
| 242|0x000000071a200000, 0x000000071a300000, 0x000000071a300000|100%| E|CS|TAMS 0x000000071a200000, 0x000000071a200000| Complete 
| 243|0x000000071a300000, 0x000000071a400000, 0x000000071a400000|100%| E|CS|TAMS 0x000000071a300000, 0x000000071a300000| Complete 
| 244|0x000000071a400000, 0x000000071a500000, 0x000000071a500000|100%| E|CS|TAMS 0x000000071a400000, 0x000000071a400000| Complete 
| 245|0x000000071a500000, 0x000000071a600000, 0x000000071a600000|100%| E|CS|TAMS 0x000000071a500000, 0x000000071a500000| Complete 

Card table byte_map: [0x000001c149000000,0x000001c1497b0000] _byte_map_base: 0x000001c1457a8000

Marking Bits (Prev, Next): (CMBitMap*) 0x000001c130d06ac8, (CMBitMap*) 0x000001c130d06b00
 Prev Bits: [0x000001c149f60000, 0x000001c14dca0000)
 Next Bits: [0x000001c14dca0000, 0x000001c1519e0000)

Polling page: 0x000001c12ee00000

Metaspace:

Usage:
  Non-class:     12.51 MB capacity,    12.41 MB (>99%) used,    83.88 KB ( <1%) free+waste,    18.81 KB ( <1%) overhead. 
      Class:      1.55 MB capacity,     1.44 MB ( 93%) used,   107.30 KB (  7%) free+waste,     8.50 KB ( <1%) overhead. 
       Both:     14.06 MB capacity,    13.85 MB ( 98%) used,   191.19 KB (  1%) free+waste,    27.31 KB ( <1%) overhead. 

Virtual space:
  Non-class space:       14.00 MB reserved,      12.75 MB ( 91%) committed 
      Class space:        1.00 GB reserved,       1.63 MB ( <1%) committed 
             Both:        1.01 GB reserved,      14.38 MB (  1%) committed 

Chunk freelists:
   Non-Class:  6.63 KB
       Class:  1.63 KB
        Both:  8.25 KB

CodeHeap 'non-profiled nmethods': size=119168Kb used=608Kb max_used=608Kb free=118559Kb
 bounds [0x000001c140b60000, 0x000001c140dd0000, 0x000001c147fc0000]
CodeHeap 'profiled nmethods': size=119168Kb used=2858Kb max_used=2858Kb free=116309Kb
 bounds [0x000001c139700000, 0x000001c1399d0000, 0x000001c140b60000]
CodeHeap 'non-nmethods': size=7424Kb used=2799Kb max_used=2820Kb free=4624Kb
 bounds [0x000001c138fc0000, 0x000001c139300000, 0x000001c139700000]
 total_blobs=2064 nmethods=1348 adapters=312
 compilation: enabled
              stopped_count=0, restarted_count=0
 full_count=0

Compilation events (10 events):
Event: 4.787 Thread 0x000001c156989800 1159   !   4       sun.nio.cs.StreamDecoder::read0 (116 bytes)
Event: 5.795 Thread 0x000001c1562b2000 nmethod 1160 0x000001c140bc5710 code [0x000001c140bc59a0, 0x000001c140bc6468]
Event: 5.795 Thread 0x000001c1562b2000 1177       4       java.lang.String::startsWith (7 bytes)
Event: 5.797 Thread 0x000001c1562b2000 nmethod 1177 0x000001c140bc7090 code [0x000001c140bc7220, 0x000001c140bc7438]
Event: 5.797 Thread 0x000001c1562b2000 1179       4       org.codehaus.plexus.util.xml.pull.MXParser::nextImpl (1208 bytes)
Event: 5.797 Thread 0x000001c1553f3000 1180       1       org.codehaus.plexus.util.xml.pull.MXParser::getDepth (5 bytes)
Event: 6.798 Thread 0x000001c1553f3000 nmethod 1180 0x000001c140bc7610 code [0x000001c140bc77c0, 0x000001c140bc78d8]
Event: 12.848 Thread 0x000001c155877800 nmethod 1135 0x000001c140bc7990 code [0x000001c140bc7d00, 0x000001c140bca988]
Event: 12.848 Thread 0x000001c155877800 1141       4       java.nio.ByteBuffer::position (8 bytes)
Event: 12.848 Thread 0x000001c155877800 nmethod 1141 0x000001c140bcc690 code [0x000001c140bcc820, 0x000001c140bcc8f8]

GC Heap History (2 events):
Event: 3.673 GC heap before
{Heap before GC invocations=0 (full 0):
 garbage-first heap   total 251904K, used 23552K [0x000000070b000000, 0x0000000800000000)
  region size 1024K, 24 young (24576K), 0 survivors (0K)
 Metaspace       used 11820K, capacity 12016K, committed 12288K, reserved 1060864K
  class space    used 1151K, capacity 1241K, committed 1280K, reserved 1048576K
}
Event: 3.675 GC heap after
{Heap after GC invocations=1 (full 0):
 garbage-first heap   total 251904K, used 3896K [0x000000070b000000, 0x0000000800000000)
  region size 1024K, 3 young (3072K), 3 survivors (3072K)
 Metaspace       used 11820K, capacity 12016K, committed 12288K, reserved 1060864K
  class space    used 1151K, capacity 1241K, committed 1280K, reserved 1048576K
}

Deoptimization events (7 events):
Event: 0.142 Thread 0x000001c130ca5000 Uncommon trap: reason=unstable_if action=reinterpret pc=0x000001c140b65764 method=java.lang.String.hashCode()I @ 14 c2
Event: 2.370 Thread 0x000001c1558b5800 Uncommon trap: reason=unstable_if action=reinterpret pc=0x000001c140b6f080 method=java.io.WinNTFileSystem.isSlash(C)Z @ 9 c2
Event: 3.559 Thread 0x000001c130ca5000 Uncommon trap: reason=unstable_if action=reinterpret pc=0x000001c140b6e7a4 method=java.lang.StringLatin1.canEncode(I)Z @ 4 c2
Event: 3.559 Thread 0x000001c130ca5000 Uncommon trap: reason=unstable_if action=reinterpret pc=0x000001c140b7c900 method=java.lang.AbstractStringBuilder.isLatin1()Z @ 10 c2
Event: 3.561 Thread 0x000001c130ca5000 Uncommon trap: reason=unstable_if action=reinterpret pc=0x000001c140b68054 method=java.lang.StringLatin1.canEncode(I)Z @ 4 c2
Event: 3.755 Thread 0x000001c130ca5000 Uncommon trap: reason=unstable_if action=reinterpret pc=0x000001c140bbbea4 method=java.util.HashMap.putVal(ILjava/lang/Object;Ljava/lang/Object;ZZ)Ljava/lang/Object; @ 181 c2
Event: 3.756 Thread 0x000001c130ca5000 Uncommon trap: reason=unstable_if action=reinterpret pc=0x000001c140b8f64c method=org.codehaus.plexus.util.xml.pull.MXParser.more()C @ 8 c2

Classes redefined (0 events):
No events

Internal exceptions (10 events):
Event: 2.444 Thread 0x000001c130ca5000 Exception <a 'sun/nio/fs/WindowsException'{0x0000000719fc8838}> (0x0000000719fc8838) thrown at [t:/workspace/open/src/hotspot/share/prims/jni.cpp, line 615]
Event: 2.451 Thread 0x000001c130ca5000 Exception <a 'java/lang/NoSuchMethodError'{0x0000000719e4fdd8}: java.lang.invoke.DirectMethodHandle$Holder.invokeVirtual(Ljava/lang/Object;Ljava/lang/Object;)V> (0x0000000719e4fdd8) thrown at [t:/workspace/open/src/hotspot/share/interpreter/linkResolver.c
Event: 3.467 Thread 0x000001c130ca5000 Exception <a 'java/lang/NoSuchMethodError'{0x0000000719e78468}: java.lang.invoke.DirectMethodHandle$Holder.invokeStaticInit(Ljava/lang/Object;Ljava/lang/Object;)V> (0x0000000719e78468) thrown at [t:/workspace/open/src/hotspot/share/interpreter/linkResolve
Event: 3.518 Thread 0x000001c130ca5000 Exception <a 'java/lang/NullPointerException'{0x00000007199cc2a0}> (0x00000007199cc2a0) thrown at [t:/workspace/open/src/hotspot/share/interpreter/linkResolver.cpp, line 1354]
Event: 3.518 Thread 0x000001c130ca5000 Exception <a 'java/lang/NullPointerException'{0x00000007199d4878}> (0x00000007199d4878) thrown at [t:/workspace/open/src/hotspot/share/interpreter/linkResolver.cpp, line 1354]
Event: 3.534 Thread 0x000001c130ca5000 Exception <a 'java/lang/NoSuchMethodError'{0x0000000719710210}: java.lang.invoke.DirectMethodHandle$Holder.invokeStatic(Ljava/lang/Object;Ljava/lang/Object;Ljava/lang/Object;Ljava/lang/Object;Ljava/lang/Object;)V> (0x0000000719710210) thrown at [t:/worksp
Event: 3.535 Thread 0x000001c130ca5000 Exception <a 'java/lang/NoSuchMethodError'{0x000000071971d8b8}: java.lang.invoke.DirectMethodHandle$Holder.invokeSpecialIFC(Ljava/lang/Object;Ljava/lang/Object;Ljava/lang/Object;Ljava/lang/Object;)Ljava/lang/Object;> (0x000000071971d8b8) thrown at [t:/wor
Event: 3.701 Thread 0x000001c130ca5000 Exception <a 'java/lang/NoSuchMethodError'{0x000000071a386540}: java.lang.invoke.DirectMethodHandle$Holder.invokeStatic(Ljava/lang/Object;Ljava/lang/Object;Ljava/lang/Object;Ljava/lang/Object;Ljava/lang/Object;)I> (0x000000071a386540) thrown at [t:/worksp
Event: 3.749 Thread 0x000001c130ca5000 Exception <a 'java/lang/NoSuchMethodError'{0x0000000719e5fb60}: java.lang.invoke.DirectMethodHandle$Holder.invokeStaticInit(Ljava/lang/Object;Ljava/lang/Object;)I> (0x0000000719e5fb60) thrown at [t:/workspace/open/src/hotspot/share/interpreter/linkResolve
Event: 3.754 Thread 0x000001c130ca5000 Exception <a 'java/lang/NoClassDefFoundError'{0x0000000719eb5a68}: javax/enterprise/inject/Typed> (0x0000000719eb5a68) thrown at [t:/workspace/open/src/hotspot/share/classfile/systemDictionary.cpp, line 220]

Events (10 events):
Event: 12.846 loading class org/apache/maven/bridge/MavenRepositorySystem
Event: 12.846 loading class org/apache/maven/bridge/MavenRepositorySystem done
Event: 12.846 loading class org/apache/maven/configuration/BeanConfigurator
Event: 12.846 loading class org/apache/maven/configuration/BeanConfigurator done
Event: 12.847 loading class org/apache/maven/eventspy/internal/EventSpyDispatcher
Event: 12.847 loading class org/apache/maven/eventspy/internal/EventSpyDispatcher done
Event: 12.847 loading class org/apache/maven/graph/GraphBuilder
Event: 12.847 loading class org/apache/maven/graph/GraphBuilder done
Event: 12.847 loading class org/apache/maven/lifecycle/DefaultLifecycles
Event: 12.847 loading class org/apache/maven/lifecycle/DefaultLifecycles done


Dynamic libraries:
0x00007ff6277e0000 - 0x00007ff627825000 	C:\TillPaymentsProject\RestAssuredApi\openjdk-11.0.2_windows-x64_bin\jdk-11.0.2\bin\javaw.exe
0x00007ffd4cfc0000 - 0x00007ffd4d226000 	C:\Windows\SYSTEM32\ntdll.dll
0x00007ffd4be50000 - 0x00007ffd4bf19000 	C:\Windows\System32\KERNEL32.DLL
0x00007ffd4a640000 - 0x00007ffd4aa3e000 	C:\Windows\System32\KERNELBASE.dll
0x00007ffd4bf20000 - 0x00007ffd4c0e7000 	C:\Windows\System32\USER32.dll
0x00007ffd4a1e0000 - 0x00007ffd4a207000 	C:\Windows\System32\win32u.dll
0x00007ffd4cef0000 - 0x00007ffd4cf1b000 	C:\Windows\System32\GDI32.dll
0x00007ffd4abc0000 - 0x00007ffd4acea000 	C:\Windows\System32\gdi32full.dll
0x00007ffd4aa50000 - 0x00007ffd4aaf3000 	C:\Windows\System32\msvcp_win.dll
0x00007ffd4a420000 - 0x00007ffd4a56c000 	C:\Windows\System32\ucrtbase.dll
0x00007ffd3bdb0000 - 0x00007ffd3c042000 	C:\Windows\WinSxS\amd64_microsoft.windows.common-controls_6595b64144ccf1df_6.0.26100.8875_none_3e0d5d42e32fe9dd\COMCTL32.dll
0x00007ffd4b2d0000 - 0x00007ffd4b379000 	C:\Windows\System32\msvcrt.dll
0x00007ffd4bd30000 - 0x00007ffd4bd62000 	C:\Windows\System32\IMM32.DLL
0x00007ffd40690000 - 0x00007ffd406a6000 	C:\TillPaymentsProject\RestAssuredApi\openjdk-11.0.2_windows-x64_bin\jdk-11.0.2\bin\vcruntime140.dll
0x00007ffce2290000 - 0x00007ffce233a000 	C:\TillPaymentsProject\RestAssuredApi\openjdk-11.0.2_windows-x64_bin\jdk-11.0.2\bin\msvcp140.dll
0x00007ffc998f0000 - 0x00007ffc9a413000 	C:\TillPaymentsProject\RestAssuredApi\openjdk-11.0.2_windows-x64_bin\jdk-11.0.2\bin\server\jvm.dll
0x00007ffd4c2f0000 - 0x00007ffd4c3a7000 	C:\Windows\System32\ADVAPI32.dll
0x00007ffd4bd70000 - 0x00007ffd4be1a000 	C:\Windows\System32\sechost.dll
0x00007ffd4ca40000 - 0x00007ffd4cb58000 	C:\Windows\System32\RPCRT4.dll
0x00007ffd4c3e0000 - 0x00007ffd4c3e8000 	C:\Windows\System32\PSAPI.DLL
0x00007ffd432f0000 - 0x00007ffd432fb000 	C:\Windows\SYSTEM32\VERSION.dll
0x00007ffcff1a0000 - 0x00007ffcff1aa000 	C:\Windows\SYSTEM32\WSOCK32.dll
0x00007ffd4c660000 - 0x00007ffd4c6e0000 	C:\Windows\System32\WS2_32.dll
0x00007ffd478f0000 - 0x00007ffd47926000 	C:\Windows\SYSTEM32\WINMM.dll
0x00007ffd48e90000 - 0x00007ffd48eab000 	C:\Windows\SYSTEM32\kernel.appcore.dll
0x00007ffd3fef0000 - 0x00007ffd3ff01000 	C:\TillPaymentsProject\RestAssuredApi\openjdk-11.0.2_windows-x64_bin\jdk-11.0.2\bin\verify.dll
0x00007ffd47460000 - 0x00007ffd476a2000 	C:\Windows\SYSTEM32\DBGHELP.DLL
0x00007ffd4cb60000 - 0x00007ffd4cee3000 	C:\Windows\System32\combase.dll
0x00007ffd4acf0000 - 0x00007ffd4adc9000 	C:\Windows\System32\OLEAUT32.dll
0x00007ffd47860000 - 0x00007ffd4789b000 	C:\Windows\SYSTEM32\dbgcore.DLL
0x00007ffd4a580000 - 0x00007ffd4a62c000 	C:\Windows\System32\bcryptPrimitives.dll
0x00007ffd3fcc0000 - 0x00007ffd3fce8000 	C:\TillPaymentsProject\RestAssuredApi\openjdk-11.0.2_windows-x64_bin\jdk-11.0.2\bin\java.dll
0x00007ffd37cd0000 - 0x00007ffd37ce6000 	C:\TillPaymentsProject\RestAssuredApi\openjdk-11.0.2_windows-x64_bin\jdk-11.0.2\bin\zip.dll
0x00007ffd3fff0000 - 0x00007ffd3fffa000 	C:\TillPaymentsProject\RestAssuredApi\openjdk-11.0.2_windows-x64_bin\jdk-11.0.2\bin\jimage.dll
0x00007ffd4b380000 - 0x00007ffd4bb12000 	C:\Windows\System32\SHELL32.dll
0x00007ffd47c40000 - 0x00007ffd484d2000 	C:\Windows\SYSTEM32\windows.storage.dll
0x00007ffd4c0f0000 - 0x00007ffd4c1e7000 	C:\Windows\System32\SHCORE.dll
0x00007ffd4b260000 - 0x00007ffd4b2c7000 	C:\Windows\System32\shlwapi.dll
0x00007ffd4a100000 - 0x00007ffd4a129000 	C:\Windows\SYSTEM32\profapi.dll
0x00007ffd37cb0000 - 0x00007ffd37cc9000 	C:\TillPaymentsProject\RestAssuredApi\openjdk-11.0.2_windows-x64_bin\jdk-11.0.2\bin\net.dll
0x00007ffd260a0000 - 0x00007ffd2627c000 	C:\Windows\SYSTEM32\urlmon.dll
0x00007ffd43c90000 - 0x00007ffd43db7000 	C:\Windows\SYSTEM32\WINHTTP.dll
0x00007ffd2eeb0000 - 0x00007ffd2f175000 	C:\Windows\SYSTEM32\iertutil.dll
0x00007ffd48810000 - 0x00007ffd4881d000 	C:\Windows\SYSTEM32\netutils.dll
0x00007ffd37a90000 - 0x00007ffd37ab9000 	C:\Windows\SYSTEM32\srvcli.dll
0x00007ffd49470000 - 0x00007ffd494dc000 	C:\Windows\system32\mswsock.dll
0x00007ffd36d10000 - 0x00007ffd36d23000 	C:\TillPaymentsProject\RestAssuredApi\openjdk-11.0.2_windows-x64_bin\jdk-11.0.2\bin\nio.dll
0x00007ffd31860000 - 0x00007ffd31884000 	C:\Users\Yularatech\AppData\Local\Temp\jansi-2.4.3-6c99e8d790368a46-jansi.dll

dbghelp: loaded successfully - version: 4.0.5 - missing functions: none
symbol engine: initialized successfully - sym options: 0x614 - pdb path: .;C:\TillPaymentsProject\RestAssuredApi\openjdk-11.0.2_windows-x64_bin\jdk-11.0.2\bin;C:\Windows\SYSTEM32;C:\Windows\WinSxS\amd64_microsoft.windows.common-controls_6595b64144ccf1df_6.0.26100.8875_none_3e0d5d42e32fe9dd;C:\TillPaymentsProject\RestAssuredApi\openjdk-11.0.2_windows-x64_bin\jdk-11.0.2\bin\server;C:\Users\Yularatech\AppData\Local\Temp

VM Arguments:
jvm_args: -Dmaven.home=EMBEDDED -Dclassworlds.conf=C:\Users\Yularatech\eclipse-workspace\.metadata\.plugins\org.eclipse.m2e.launching\launches\m2conf18210097072080445749.tmp -Dmaven.multiModuleProjectDirectory=C:\Users\Yularatech\eclipse-workspace\rest_assured -Dm2e.build.project.data.socket.port=55863 -Dfile.encoding=UTF-8 -Dstdout.encoding=UTF-8 -Dstderr.encoding=UTF-8 
java_command: org.codehaus.plexus.classworlds.launcher.Launcher -B -Dstyle.color=always test
java_class_path (initial): C:\TillPaymentsProject\RestAssuredApi\eclipse-java-2026-06-R-win32-x86_64\eclipse\plugins\org.eclipse.m2e.maven.runtime_3.9.1600.20260522-0510\jars\plexus-classworlds-2.11.0.jar
Launcher Type: SUN_STANDARD

[Global flags]
     intx CICompilerCount                          = 12                                        {product} {ergonomic}
     uint ConcGCThreads                            = 3                                         {product} {ergonomic}
     uint G1ConcRefinementThreads                  = 13                                        {product} {ergonomic}
   size_t G1HeapRegionSize                         = 1048576                                   {product} {ergonomic}
    uintx GCDrainStackTargetSize                   = 64                                        {product} {ergonomic}
   size_t InitialHeapSize                          = 257949696                                 {product} {ergonomic}
   size_t MarkStackSize                            = 4194304                                   {product} {ergonomic}
   size_t MaxHeapSize                              = 4110417920                                {product} {ergonomic}
   size_t MaxNewSize                               = 2466250752                                {product} {ergonomic}
   size_t MinHeapDeltaBytes                        = 1048576                                   {product} {ergonomic}
    uintx NonNMethodCodeHeapSize                   = 7591728                                {pd product} {ergonomic}
    uintx NonProfiledCodeHeapSize                  = 122033256                              {pd product} {ergonomic}
    uintx ProfiledCodeHeapSize                     = 122033256                              {pd product} {ergonomic}
    uintx ReservedCodeCacheSize                    = 251658240                              {pd product} {ergonomic}
     bool SegmentedCodeCache                       = true                                      {product} {ergonomic}
     bool UseCompressedClassPointers               = true                                 {lp64_product} {ergonomic}
     bool UseCompressedOops                        = true                                 {lp64_product} {ergonomic}
     bool UseG1GC                                  = true                                      {product} {ergonomic}
     bool UseLargePagesIndividualAllocation        = false                                  {pd product} {ergonomic}

Logging:
Log output configuration:
 #0: stdout all=warning uptime,level,tags
 #1: stderr all=off uptime,level,tags

Environment Variables:
JAVA_HOME=C:\TillPaymentsProject\RestAssuredApi\openjdk-11.0.2_windows-x64_bin\jdk-11.0.2
PATH=C:/TillPaymentsProject/RestAssuredApi/eclipse-java-2026-06-R-win32-x86_64/eclipse//plugins/org.eclipse.justj.openjdk.hotspot.jre.full.win32.x86_64_21.0.11.v20260515-1531/jre/bin/server;C:/TillPaymentsProject/RestAssuredApi/eclipse-java-2026-06-R-win32-x86_64/eclipse//plugins/org.eclipse.justj.openjdk.hotspot.jre.full.win32.x86_64_21.0.11.v20260515-1531/jre/bin;C:\Windows\system32;C:\Windows;C:\Windows\System32\Wbem;C:\Windows\System32\WindowsPowerShell\v1.0\;C:\Windows\System32\OpenSSH\;C:\Program Files\dotnet\;C:\Program Files (x86)\Microsoft SQL Server\160\DTS\Binn\;C:\Program Files\Azure Data Studio\bin;C:\Users\Yularatech\AppData\Local\nvm;C:\nvm4w\nodejs;C:\Program Files\nodejs\;C:\Program Files\Git\cmd;C:\TillPaymentsProject\RestAssuredApi\openjdk-11.0.2_windows-x64_bin\jdk-11.0.2\bin;C:\Users\Yularatech\AppData\Local\Microsoft\WindowsApps;C:\Program Files\Azure Data Studio\bin;C:\Users\Yularatech\AppData\Roaming\npm;C:\Users\Yularatech\AppData\Local\nvm;C:\nvm4w\nodejs;;C:\TillPaymentsProject\RestAssuredApi\eclipse-java-2026-06-R-win32-x86_64\eclipse;
USERNAME=Yularatech
OS=Windows_NT
PROCESSOR_IDENTIFIER=AMD64 Family 25 Model 117 Stepping 2, AuthenticAMD



---------------  S Y S T E M  ---------------

OS: Windows 10 , 64 bit Build 26100 (10.0.26100.8875)

CPU:total 16 (initial active 16) (16 cores per cpu, 2 threads per core) family 25 model 117 stepping 2, cmov, cx8, fxsr, mmx, sse, sse2, sse3, ssse3, sse4.1, sse4.2, popcnt, avx, avx2, aes, clmul, erms, mmxext, 3dnowpref, lzcnt, sse4a, ht, tsc, tscinvbit, tscinv, bmi1, bmi2, adx, evex, s

Memory: 4k page, system-wide physical 15672M (704M free)
TotalPageFile size 62776M (AvailPageFile size 1436M)
current process WorkingSet (physical memory assigned to process): 111M, peak: 112M
current process commit charge ("private bytes"): 381M, peak: 383M

vm_info: OpenJDK 64-Bit Server VM (11.0.2+9) for windows-amd64 JRE (11.0.2+9), built on Jan 18 2019 05:23:22 by "mach5one" with MS VC++ 15.5 (VS2017)

END.
